backend/prisma/seed.ts(2,24): error TS2305: Module '"@prisma/client"' has no exported member 'Role'.
backend/prisma/seed.ts(18,7): error TS2353: Object literal may only specify known properties, and 'password' does not exist in type '(Without<UserCreateInput, UserUncheckedCreateInput> & UserUncheckedCreateInput) | (Without<...> & UserCreateInput)'.
backend/prisma/seed.ts(32,7): error TS2353: Object literal may only specify known properties, and 'password' does not exist in type '(Without<UserCreateInput, UserUncheckedCreateInput> & UserUncheckedCreateInput) | (Without<...> & UserCreateInput)'.
backend/prisma/seed.ts(40,9): error TS2322: Type 'string[]' is not assignable to type 'TeacherSubjectUncheckedCreateNestedManyWithoutTeacherInput | TeacherSubjectCreateNestedManyWithoutTeacherInput'.
backend/prisma/seed.ts(41,9): error TS2322: Type 'string[]' is not assignable to type 'TeacherClassUncheckedCreateNestedManyWithoutTeacherInput | TeacherClassCreateNestedManyWithoutTeacherInput'.
backend/prisma/seed.ts(51,7): error TS2353: Object literal may only specify known properties, and 'password' does not exist in type '(Without<UserCreateInput, UserUncheckedCreateInput> & UserUncheckedCreateInput) | (Without<...> & UserCreateInput)'.
backend/prisma/seed.ts(59,9): error TS2322: Type 'string[]' is not assignable to type 'TeacherSubjectUncheckedCreateNestedManyWithoutTeacherInput | TeacherSubjectCreateNestedManyWithoutTeacherInput'.
backend/prisma/seed.ts(60,9): error TS2322: Type 'string[]' is not assignable to type 'TeacherClassUncheckedCreateNestedManyWithoutTeacherInput | TeacherClassCreateNestedManyWithoutTeacherInput'.
backend/prisma/seed.ts(73,9): error TS2353: Object literal may only specify known properties, and 'password' does not exist in type '(Without<UserCreateInput, UserUncheckedCreateInput> & UserUncheckedCreateInput) | (Without<...> & UserCreateInput)'.
backend/prisma/seed.ts(79,7): error TS2322: Type '{ userId: number; grade: number; section: string; department: string; }' is not assignable to type '(Without<StudentCreateInput, StudentUncheckedCreateInput> & StudentUncheckedCreateInput) | (Without<...> & StudentCreateInput)'.
  Type '{ userId: number; grade: number; section: string; department: string; }' is not assignable to type 'Without<StudentUncheckedCreateInput, StudentCreateInput> & StudentCreateInput'.
    Type '{ userId: number; grade: number; section: string; department: string; }' is not assignable to type 'Without<StudentUncheckedCreateInput, StudentCreateInput>'.
      Types of property 'userId' are incompatible.
        Type 'number' is not assignable to type 'never'.
backend/prisma/seed.ts(93,9): error TS2353: Object literal may only specify known properties, and 'password' does not exist in type '(Without<UserCreateInput, UserUncheckedCreateInput> & UserUncheckedCreateInput) | (Without<...> & UserCreateInput)'.
backend/prisma/seed.ts(99,7): error TS2322: Type '{ userId: number; grade: number; section: string; department: string; }' is not assignable to type '(Without<StudentCreateInput, StudentUncheckedCreateInput> & StudentUncheckedCreateInput) | (Without<...> & StudentCreateInput)'.
  Type '{ userId: number; grade: number; section: string; department: string; }' is not assignable to type 'Without<StudentUncheckedCreateInput, StudentCreateInput> & StudentCreateInput'.
    Type '{ userId: number; grade: number; section: string; department: string; }' is not assignable to type 'Without<StudentUncheckedCreateInput, StudentCreateInput>'.
      Types of property 'userId' are incompatible.
        Type 'number' is not assignable to type 'never'.
backend/prisma/seed.ts(115,11): error TS2353: Object literal may only specify known properties, and 'password' does not exist in type '(Without<UserCreateInput, UserUncheckedCreateInput> & UserUncheckedCreateInput) | (Without<...> & UserCreateInput)'.
backend/prisma/seed.ts(121,7): error TS2322: Type '{ userId: number; }' is not assignable to type '(Without<ParentCreateInput, ParentUncheckedCreateInput> & ParentUncheckedCreateInput) | (Without<...> & ParentCreateInput)'.
  Type '{ userId: number; }' is not assignable to type 'Without<ParentUncheckedCreateInput, ParentCreateInput> & ParentCreateInput'.
    Type '{ userId: number; }' is not assignable to type 'Without<ParentUncheckedCreateInput, ParentCreateInput>'.
      Types of property 'userId' are incompatible.
        Type 'number' is not assignable to type 'never'.
backend/prisma/seed.ts(128,16): error TS2551: Property 'cBTTest' does not exist on type 'PrismaClient<PrismaClientOptions, never, DefaultArgs>'. Did you mean 'cbtTest'?
components/admin/AcademicSettingsScreen.tsx(12,10): error TS2304: Cannot find name 'ChevronRightIcon'.
components/admin/AdminDashboard.tsx(21,51): error TS2304: Cannot find name 'useState'.
components/admin/AdminDashboard.tsx(22,39): error TS2304: Cannot find name 'useState'.
components/admin/AdminDashboard.tsx(22,48): error TS2304: Cannot find name 'ViewStackItem'.
components/admin/AdminDashboard.tsx(23,35): error TS2304: Cannot find name 'useState'.
components/admin/AdminDashboard.tsx(24,45): error TS2304: Cannot find name 'useState'.
components/admin/AdminDashboard.tsx(25,37): error TS2304: Cannot find name 'useState'.
components/admin/AdminDashboard.tsx(32,5): error TS2304: Cannot find name 'useEffect'.
components/admin/AdminDashboard.tsx(37,5): error TS2304: Cannot find name 'useEffect'.
components/admin/AdminDashboard.tsx(40,41): error TS2304: Cannot find name 'supabase'.
components/admin/AdminDashboard.tsx(58,14): error TS2304: Cannot find name 'AnalyticsScreen'.
components/admin/AdminDashboard.tsx(59,14): error TS2304: Cannot find name 'AnalyticsAdminTools'.
components/admin/AdminDashboard.tsx(65,19): error TS2304: Cannot find name 'DashboardOverview'.
components/admin/AdminDashboard.tsx(68,18): error TS2304: Cannot find name 'ReportsScreen'.
components/admin/AdminDashboard.tsx(69,20): error TS2304: Cannot find name 'ClassListScreen'.
components/admin/AdminDashboard.tsx(70,22): error TS2304: Cannot find name 'StudentListScreen'.
components/admin/AdminDashboard.tsx(71,21): error TS2304: Cannot find name 'AddStudentScreen'.
components/admin/AdminDashboard.tsx(72,22): error TS2304: Cannot find name 'TeacherListScreen'.
components/admin/AdminDashboard.tsx(73,29): error TS2304: Cannot find name 'TeacherPerformanceScreen'.
components/admin/AdminDashboard.tsx(74,20): error TS2304: Cannot find name 'TimetableGeneratorScreen'.
components/admin/AdminDashboard.tsx(75,26): error TS2304: Cannot find name 'TimetableEditor'.
components/admin/AdminDashboard.tsx(76,28): error TS2304: Cannot find name 'TeacherAttendanceScreen'.
components/admin/AdminDashboard.tsx(77,36): error TS2304: Cannot find name 'TeacherAttendanceApproval'.
components/admin/AdminDashboard.tsx(78,24): error TS2304: Cannot find name 'FeeManagement'.
components/admin/AdminDashboard.tsx(79,21): error TS2304: Cannot find name 'FeeDetailsScreen'.
components/admin/AdminDashboard.tsx(80,25): error TS2304: Cannot find name 'ExamManagement'.
components/admin/AdminDashboard.tsx(81,18): error TS2304: Cannot find name 'AddExamScreen'.
components/admin/AdminDashboard.tsx(82,31): error TS2304: Cannot find name 'ReportCardPublishing'.
components/admin/AdminDashboard.tsx(83,20): error TS2304: Cannot find name 'UserRolesScreen'.
components/admin/AdminDashboard.tsx(84,19): error TS2304: Cannot find name 'AuditLogScreen'.
components/admin/AdminDashboard.tsx(85,26): error TS2304: Cannot find name 'ProfileSettings'.
components/admin/AdminDashboard.tsx(86,27): error TS2304: Cannot find name 'CommunicationHub'.
components/admin/AdminDashboard.tsx(87,34): error TS2304: Cannot find name 'StudentProfileAdminView'.
components/admin/AdminDashboard.tsx(88,22): error TS2304: Cannot find name 'EditProfileScreen'.
components/admin/AdminDashboard.tsx(89,32): error TS2304: Cannot find name 'NotificationsSettingsScreen'.
components/admin/AdminDashboard.tsx(90,27): error TS2304: Cannot find name 'SecuritySettingsScreen'.
components/admin/AdminDashboard.tsx(91,25): error TS2304: Cannot find name 'ChangePasswordScreen'.
components/admin/AdminDashboard.tsx(92,22): error TS2304: Cannot find name 'OnlineStoreScreen'.
components/admin/AdminDashboard.tsx(93,24): error TS2304: Cannot find name 'AdminSelectClassForReport'.
components/admin/AdminDashboard.tsx(94,31): error TS2304: Cannot find name 'AdminStudentListForReport'.
components/admin/AdminDashboard.tsx(95,28): error TS2304: Cannot find name 'AdminStudentReportCardScreen'.
components/admin/AdminDashboard.tsx(96,25): error TS2304: Cannot find name 'SystemSettingsScreen'.
components/admin/AdminDashboard.tsx(97,27): error TS2304: Cannot find name 'AcademicSettingsScreen'.
components/admin/AdminDashboard.tsx(98,28): error TS2304: Cannot find name 'FinancialSettingsScreen'.
components/admin/AdminDashboard.tsx(99,32): error TS2304: Cannot find name 'CommunicationSettingsScreen'.
components/admin/AdminDashboard.tsx(100,27): error TS2304: Cannot find name 'BrandingSettingsScreen'.
components/admin/AdminDashboard.tsx(101,35): error TS2304: Cannot find name 'PersonalSecuritySettingsScreen'.
components/admin/AdminDashboard.tsx(102,33): error TS2304: Cannot find name 'TeacherDetailAdminView'.
components/admin/AdminDashboard.tsx(103,34): error TS2304: Cannot find name 'TeacherAttendanceDetail'.
components/admin/AdminDashboard.tsx(104,29): error TS2304: Cannot find name 'AttendanceOverviewScreen'.
components/admin/AdminDashboard.tsx(105,32): error TS2304: Cannot find name 'ClassAttendanceDetailScreen'.
components/admin/AdminDashboard.tsx(106,35): error TS2304: Cannot find name 'AdminSelectTermForReport'.
components/admin/AdminDashboard.tsx(107,31): error TS2304: Cannot find name 'AdminReportCardInputWrapper'.
components/admin/AdminDashboard.tsx(108,24): error TS2304: Cannot find name 'AdminMessagesWrapper'.
components/admin/AdminDashboard.tsx(109,23): error TS2304: Cannot find name 'AdminNewChatScreen'.
components/admin/AdminDashboard.tsx(110,15): error TS2304: Cannot find name 'ChatWrapper'.
components/admin/AdminDashboard.tsx(111,20): error TS2304: Cannot find name 'HealthLogScreen'.
components/admin/AdminDashboard.tsx(112,24): error TS2304: Cannot find name 'BusDutyRosterScreen'.
components/admin/AdminDashboard.tsx(113,30): error TS2304: Cannot find name 'SelectUserTypeToAddScreen'.
components/admin/AdminDashboard.tsx(114,21): error TS2304: Cannot find name 'AddTeacherScreen'.
components/admin/AdminDashboard.tsx(115,20): error TS2304: Cannot find name 'AddParentScreen'.
components/admin/AdminDashboard.tsx(116,21): error TS2304: Cannot find name 'ParentListScreen'.
components/admin/AdminDashboard.tsx(117,32): error TS2304: Cannot find name 'ParentDetailAdminView'.
components/admin/AdminDashboard.tsx(118,25): error TS2304: Cannot find name 'ManagePoliciesScreen'.
components/admin/AdminDashboard.tsx(119,29): error TS2304: Cannot find name 'ManageVolunteeringScreen'.
components/admin/AdminDashboard.tsx(120,32): error TS2304: Cannot find name 'ManagePermissionSlipsScreen'.
components/admin/AdminDashboard.tsx(121,34): error TS2304: Cannot find name 'ManageLearningResourcesScreen'.
components/admin/AdminDashboard.tsx(122,28): error TS2304: Cannot find name 'ManagePTAMeetingsScreen'.
components/admin/AdminDashboard.tsx(123,27): error TS2304: Cannot find name 'SchoolOnboardingScreen'.
components/admin/AdminDashboard.tsx(124,27): error TS2304: Cannot find name 'CurriculumSettingsScreen'.
components/admin/AdminDashboard.tsx(125,27): error TS2304: Cannot find name 'StudentEnrollmentWizard'.
components/admin/AdminDashboard.tsx(126,16): error TS2304: Cannot find name 'ExamCandidateRegistration'.
components/admin/AdminDashboard.tsx(127,23): error TS2304: Cannot find name 'UserAccountsScreen'.
components/admin/AdminDashboard.tsx(128,25): error TS2304: Cannot find name 'EmergencyAlert'.
components/admin/AdminDashboard.tsx(129,21): error TS2304: Cannot find name 'VisitorLog'.
components/admin/AdminDashboard.tsx(130,26): error TS2304: Cannot find name 'PermissionSlips'.
components/admin/AdminDashboard.tsx(131,32): error TS2304: Cannot find name 'MentalHealthResources'.
components/admin/AdminDashboard.tsx(132,32): error TS2304: Cannot find name 'AccessibilitySettings'.
components/admin/AdminDashboard.tsx(133,27): error TS2304: Cannot find name 'SMSLessonManager'.
components/admin/AdminDashboard.tsx(134,23): error TS2304: Cannot find name 'USSDWorkflow'.
components/admin/AdminDashboard.tsx(135,32): error TS2304: Cannot find name 'RadioContentScheduler'.
components/admin/AdminDashboard.tsx(136,28): error TS2304: Cannot find name 'IVRLessonRecorder'.
components/admin/AdminDashboard.tsx(137,32): error TS2304: Cannot find name 'ScholarshipManagement'.
components/admin/AdminDashboard.tsx(138,30): error TS2304: Cannot find name 'SponsorshipMatching'.
components/admin/AdminDashboard.tsx(139,31): error TS2304: Cannot find name 'ConferenceScheduling'.
components/admin/AdminDashboard.tsx(140,26): error TS2304: Cannot find name 'SurveysAndPolls'.
components/admin/AdminDashboard.tsx(141,25): error TS2304: Cannot find name 'DonationPortal'.
components/admin/AdminDashboard.tsx(142,37): error TS2304: Cannot find name 'CommunityResourceDirectory'.
components/admin/AdminDashboard.tsx(143,25): error TS2304: Cannot find name 'ReferralSystem'.
components/admin/AdminDashboard.tsx(144,28): error TS2304: Cannot find name 'AttendanceHeatmap'.
components/admin/AdminDashboard.tsx(145,27): error TS2304: Cannot find name 'FinanceDashboard'.
components/admin/AdminDashboard.tsx(146,28): error TS2304: Cannot find name 'AcademicAnalytics'.
components/admin/AdminDashboard.tsx(147,24): error TS2304: Cannot find name 'BudgetPlanner'.
components/admin/AdminDashboard.tsx(148,27): error TS2304: Cannot find name 'AuditTrailViewer'.
components/admin/AdminDashboard.tsx(149,25): error TS2304: Cannot find name 'IntegrationHub'.
components/admin/AdminDashboard.tsx(150,30): error TS2304: Cannot find name 'AnalyticsAdminTools'.
components/admin/AdminDashboard.tsx(151,27): error TS2304: Cannot find name 'VendorManagement'.
components/admin/AdminDashboard.tsx(152,25): error TS2304: Cannot find name 'AssetInventory'.
components/admin/AdminDashboard.tsx(153,27): error TS2304: Cannot find name 'FacilityRegisterScreen'.
components/admin/AdminDashboard.tsx(154,29): error TS2304: Cannot find name 'EquipmentInventoryScreen'.
components/admin/AdminDashboard.tsx(155,27): error TS2304: Cannot find name 'SafetyHealthLogs'.
components/admin/AdminDashboard.tsx(156,30): error TS2304: Cannot find name 'ComplianceDashboard'.
components/admin/AdminDashboard.tsx(157,24): error TS2304: Cannot find name 'InspectionFlowWizard'.
components/admin/AdminDashboard.tsx(158,27): error TS2304: Cannot find name 'PrivacyDashboard'.
components/admin/AdminDashboard.tsx(159,30): error TS2304: Cannot find name 'ComplianceChecklist'.
components/admin/AdminDashboard.tsx(160,29): error TS2304: Cannot find name 'MaintenanceTickets'.
components/admin/AdminDashboard.tsx(161,24): error TS2304: Cannot find name 'MasterReportingHub'.
components/admin/AdminDashboard.tsx(162,28): error TS2304: Cannot find name 'ValidationConsole'.
components/admin/AdminDashboard.tsx(163,27): error TS2304: Cannot find name 'PilotOnboardingWizard'.
components/admin/AdminDashboard.tsx(164,24): error TS2304: Cannot find name 'UnifiedGovernanceHub'.
components/admin/AdminDashboard.tsx(165,29): error TS2304: Cannot find name 'EnhancedEnrollmentWizard'.
components/admin/AdminDashboard.tsx(166,31): error TS2304: Cannot find name 'ComplianceOnboardingWizard'.
components/admin/AdminDashboard.tsx(167,25): error TS2304: Cannot find name 'StudentProfileEnhanced'.
components/admin/AdminDashboard.tsx(168,25): error TS2304: Cannot find name 'TeacherProfileEnhanced'.
components/admin/AdminDashboard.tsx(169,28): error TS2304: Cannot find name 'AttendanceTrackSelector'.
components/admin/AdminDashboard.tsx(170,23): error TS2304: Cannot find name 'ResultsEntryEnhanced'.
components/admin/AdminDashboard.tsx(171,25): error TS2304: Cannot find name 'CalendarScreen'.
components/admin/AdminDashboard.tsx(172,24): error TS2304: Cannot find name 'NotificationsScreen'.
components/admin/AdminDashboard.tsx(175,55): error TS2304: Cannot find name 'useState'.
components/admin/AdminDashboard.tsx(176,47): error TS2304: Cannot find name 'useState'.
components/admin/AdminDashboard.tsx(179,5): error TS2304: Cannot find name 'useEffect'.
components/admin/AdminDashboard.tsx(181,46): error TS2304: Cannot find name 'supabase'.
components/admin/AdminDashboard.tsx(183,50): error TS2304: Cannot find name 'supabase'.
components/admin/AdminDashboard.tsx(190,5): error TS2304: Cannot find name 'useEffect'.
components/admin/AdminDashboard.tsx(236,65): error TS2304: Cannot find name 'NotificationsScreen'.
components/admin/AdminDashboard.tsx(244,18): error TS2304: Cannot find name 'AdminSidebar'.
components/admin/AdminDashboard.tsx(253,19): error TS2304: Cannot find name 'isSupabaseConfigured'.
components/admin/AdminDashboard.tsx(254,18): error TS2304: Cannot find name 'isSupabaseConfigured'.
components/admin/AdminDashboard.tsx(269,26): error TS2304: Cannot find name 'ErrorBoundary'.
components/admin/AdminDashboard.tsx(270,30): error TS2304: Cannot find name 'Suspense'.
components/admin/AdminDashboard.tsx(270,50): error TS2304: Cannot find name 'DashboardSuspenseFallback'.
components/admin/AdminDashboard.tsx(274,31): error TS2304: Cannot find name 'Suspense'.
components/admin/AdminDashboard.tsx(275,27): error TS2304: Cannot find name 'ErrorBoundary'.
components/admin/AdminDashboard.tsx(280,22): error TS2304: Cannot find name 'AdminBottomNav'.
components/admin/AdminDashboard.tsx(283,18): error TS2304: Cannot find name 'Suspense'.
components/admin/AdminDashboard.tsx(283,38): error TS2304: Cannot find name 'DashboardSuspenseFallback'.
components/admin/AdminDashboard.tsx(284,39): error TS2304: Cannot find name 'GlobalSearchScreen'.
components/admin/AdminDashboard.tsx(284,73): error TS2304: Cannot find name 'DashboardType'.
components/admin/AdminDashboard.tsx(285,19): error TS2304: Cannot find name 'Suspense'.
components/admin/AwardPoints.tsx(5,10): error TS2305: Module '"../../constants"' has no exported member 'GiftIcon'.
components/admin/AwardPoints.tsx(5,20): error TS2305: Module '"../../constants"' has no exported member 'AcademicCapIcon'.
components/admin/DashboardOverview.tsx(428,37): error TS2345: Argument of type '{ id: any; user: { name: any; avatarUrl: any; role: string; }; action: any; timestamp: any; type: any; }[]' is not assignable to parameter of type 'SetStateAction<AuditLog[]>'.
  Type '{ id: any; user: { name: any; avatarUrl: any; role: string; }; action: any; timestamp: any; type: any; }[]' is not assignable to type 'AuditLog[]'.
    Type '{ id: any; user: { name: any; avatarUrl: any; role: string; }; action: any; timestamp: any; type: any; }' is not assignable to type 'AuditLog'.
      The types of 'user.role' are incompatible between these types.
        Type 'string' is not assignable to type 'RoleName'.
components/admin/FeeDetailsScreen.tsx(4,10): error TS2305: Module '"../../types"' has no exported member 'StudentFeeInfo'.
components/admin/IDCardManagement.tsx(4,43): error TS2305: Module '"../../constants"' has no exported member 'AcademicCapIcon'.
components/admin/PaymentPlanModal.tsx(45,17): error TS2304: Cannot find name 'toast'.
components/admin/PaymentPlanModal.tsx(49,17): error TS2304: Cannot find name 'toast'.
components/admin/PaymentPlanModal.tsx(53,13): error TS2304: Cannot find name 'toast'.
components/admin/ProfileSettings.tsx(50,13): error TS2304: Cannot find name 'toast'.
components/admin/ReportCardPreview.tsx(183,91): error TS2339: Property 'position' does not exist on type 'ReportCard'.
components/admin/ReportCardPreview.tsx(184,103): error TS2339: Property 'totalStudents' does not exist on type 'ReportCard'.
components/admin/ReportCardPublishing.tsx(111,32): error TS2345: Argument of type '(prev: never[]) => any[]' is not assignable to parameter of type 'SetStateAction<never[]>'.
  Type '(prev: never[]) => any[]' is not assignable to type '(prevState: never[]) => never[]'.
    Type 'any[]' is not assignable to type 'never[]'.
      Type 'any' is not assignable to type 'never'.
        The intersection 'StudentReportInfo' was reduced to 'never' because property 'status' has conflicting types in some constituents.
components/admin/ReportCardPublishing.tsx(112,13): error TS2339: Property 'id' does not exist on type 'never'.
  The intersection 'StudentReportInfo' was reduced to 'never' because property 'status' has conflicting types in some constituents.
components/admin/ReportCardPublishing.tsx(112,34): error TS2698: Spread types may only be created from object types.
components/admin/ReportCardPublishing.tsx(126,67): error TS2339: Property 'status' does not exist on type 'never'.
  The intersection 'StudentReportInfo' was reduced to 'never' because property 'status' has conflicting types in some constituents.
components/admin/ReportCardPublishing.tsx(129,37): error TS2339: Property 'id' does not exist on type 'never'.
  The intersection 'StudentReportInfo' was reduced to 'never' because property 'status' has conflicting types in some constituents.
components/admin/ReportCardPublishing.tsx(144,57): error TS2339: Property 'status' does not exist on type 'never'.
  The intersection 'StudentReportInfo' was reduced to 'never' because property 'status' has conflicting types in some constituents.
components/admin/ReportCardPublishing.tsx(145,34): error TS2339: Property 'name' does not exist on type 'never'.
  The intersection 'StudentReportInfo' was reduced to 'never' because property 'status' has conflicting types in some constituents.
components/admin/ReportCardPublishing.tsx(156,46): error TS2339: Property 'status' does not exist on type 'never'.
  The intersection 'StudentReportInfo' was reduced to 'never' because property 'status' has conflicting types in some constituents.
components/admin/ReportCardPublishing.tsx(244,33): error TS2339: Property 'id' does not exist on type 'never'.
  The intersection 'StudentReportInfo' was reduced to 'never' because property 'status' has conflicting types in some constituents.
components/admin/ReportCardPublishing.tsx(250,32): error TS2339: Property 'avatarUrl' does not exist on type 'never'.
  The intersection 'StudentReportInfo' was reduced to 'never' because property 'status' has conflicting types in some constituents.
components/admin/ReportCardPublishing.tsx(252,40): error TS2339: Property 'avatarUrl' does not exist on type 'never'.
  The intersection 'StudentReportInfo' was reduced to 'never' because property 'status' has conflicting types in some constituents.
components/admin/ReportCardPublishing.tsx(253,40): error TS2339: Property 'name' does not exist on type 'never'.
  The intersection 'StudentReportInfo' was reduced to 'never' because property 'status' has conflicting types in some constituents.
components/admin/ReportCardPublishing.tsx(258,72): error TS2339: Property 'name' does not exist on type 'never'.
  The intersection 'StudentReportInfo' was reduced to 'never' because property 'status' has conflicting types in some constituents.
components/admin/ReportCardPublishing.tsx(261,167): error TS2339: Property 'status' does not exist on type 'never'.
  The intersection 'StudentReportInfo' was reduced to 'never' because property 'status' has conflicting types in some constituents.
components/admin/ReportCardPublishing.tsx(262,47): error TS2339: Property 'status' does not exist on type 'never'.
  The intersection 'StudentReportInfo' was reduced to 'never' because property 'status' has conflicting types in some constituents.
components/admin/ReportCardPublishing.tsx(266,95): error TS2339: Property 'name' does not exist on type 'never'.
  The intersection 'StudentReportInfo' was reduced to 'never' because property 'status' has conflicting types in some constituents.
components/admin/ReportCardPublishing.tsx(267,87): error TS2339: Property 'grade' does not exist on type 'never'.
  The intersection 'StudentReportInfo' was reduced to 'never' because property 'status' has conflicting types in some constituents.
components/admin/ReportCardPublishing.tsx(267,102): error TS2339: Property 'section' does not exist on type 'never'.
  The intersection 'StudentReportInfo' was reduced to 'never' because property 'status' has conflicting types in some constituents.
components/admin/ReportCardPublishing.tsx(273,109): error TS2339: Property 'status' does not exist on type 'never'.
  The intersection 'StudentReportInfo' was reduced to 'never' because property 'status' has conflicting types in some constituents.
components/admin/ReportCardPublishing.tsx(273,144): error TS2339: Property 'status' does not exist on type 'never'.
  The intersection 'StudentReportInfo' was reduced to 'never' because property 'status' has conflicting types in some constituents.
components/admin/ReportCardPublishing.tsx(274,59): error TS2339: Property 'status' does not exist on type 'never'.
  The intersection 'StudentReportInfo' was reduced to 'never' because property 'status' has conflicting types in some constituents.
components/admin/ReportCardPublishing.tsx(275,43): error TS2339: Property 'status' does not exist on type 'never'.
  The intersection 'StudentReportInfo' was reduced to 'never' because property 'status' has conflicting types in some constituents.
components/admin/ReportCardPublishing.tsx(277,78): error TS2339: Property 'status' does not exist on type 'never'.
  The intersection 'StudentReportInfo' was reduced to 'never' because property 'status' has conflicting types in some constituents.
components/admin/ReportCardPublishing.tsx(278,30): error TS2339: Property 'status' does not exist on type 'never'.
  The intersection 'StudentReportInfo' was reduced to 'never' because property 'status' has conflicting types in some constituents.
components/admin/ReportCardPublishing.tsx(280,28): error TS2339: Property 'status' does not exist on type 'never'.
  The intersection 'StudentReportInfo' was reduced to 'never' because property 'status' has conflicting types in some constituents.
components/admin/ReportCardPublishing.tsx(307,28): error TS2339: Property 'status' does not exist on type 'never'.
  The intersection 'StudentReportInfo' was reduced to 'never' because property 'status' has conflicting types in some constituents.
components/admin/ReportCardPublishing.tsx(309,60): error TS2339: Property 'id' does not exist on type 'never'.
  The intersection 'StudentReportInfo' was reduced to 'never' because property 'status' has conflicting types in some constituents.
components/admin/ReportCardPublishing.tsx(316,28): error TS2339: Property 'status' does not exist on type 'never'.
  The intersection 'StudentReportInfo' was reduced to 'never' because property 'status' has conflicting types in some constituents.
components/admin/ReportCardPublishing.tsx(318,62): error TS2339: Property 'id' does not exist on type 'never'.
  The intersection 'StudentReportInfo' was reduced to 'never' because property 'status' has conflicting types in some constituents.
components/admin/ReportCardPublishing.tsx(325,28): error TS2339: Property 'status' does not exist on type 'never'.
  The intersection 'StudentReportInfo' was reduced to 'never' because property 'status' has conflicting types in some constituents.
components/admin/ResourceUploadModal.tsx(5,58): error TS2305: Module '"../../constants"' has no exported member 'FilmIcon'.
components/admin/ResourceUploadModal.tsx(5,68): error TS2305: Module '"../../constants"' has no exported member 'PhotographIcon'.
components/admin/ResourceUploadModal.tsx(5,84): error TS2305: Module '"../../constants"' has no exported member 'MusicNoteIcon'.
components/admin/SchoolInfoScreen.tsx(3,77): error TS2305: Module '"../../constants"' has no exported member 'MusicIcon'.
components/admin/StudentListScreen.tsx(168,13): error TS2322: Type '{ id: any; name: any; avatarUrl: any; grade: any; section: any; department: any; attendanceStatus: any; birthday: any; }[]' is not assignable to type 'Student[]'.
  Property 'email' is missing in type '{ id: any; name: any; avatarUrl: any; grade: any; section: any; department: any; attendanceStatus: any; birthday: any; }' but required in type 'Student'.
components/admin/TeacherDetailAdminView.tsx(93,25): error TS2339: Property 'user_id' does not exist on type 'Teacher'.
components/admin/TeacherDetailAdminView.tsx(97,39): error TS2339: Property 'user_id' does not exist on type 'Teacher'.
components/admin/TeacherDetailAdminView.tsx(106,40): error TS2339: Property 'user_id' does not exist on type 'Teacher'.
components/admin/TimetableEditor.tsx(493,17): error TS2322: Type 'string[]' is not assignable to type '{ id: any; name: string; }[]'.
  Type 'string' is not assignable to type '{ id: any; name: string; }'.
components/admin/UserRolesScreen.tsx(167,36): error TS2304: Cannot find name 'toast'.
components/alumni/AlumniNetwork.tsx(5,25): error TS2305: Module '"../../constants"' has no exported member 'CurrencyDollarIcon'.
components/alumni/AlumniNetwork.tsx(5,45): error TS2305: Module '"../../constants"' has no exported member 'AcademicCapIcon'.
components/attendance/AttendanceAnalytics.tsx(24,13): error TS2304: Cannot find name 'toast'.
components/dashboards/ParentDashboard.tsx(64,8): error TS2440: Import declaration conflicts with local declaration of 'TimetableScreen'.
components/learning/LearningPathsDashboard.tsx(5,10): error TS2305: Module '"../../constants"' has no exported member 'AcademicCapIcon'.
components/parent/AlertsScreen.tsx(48,9): error TS2304: Cannot find name 'toast'.
components/parent/EditParentProfileScreen.tsx(56,13): error TS2304: Cannot find name 'toast'.
components/parent/EditParentProfileScreen.tsx(61,13): error TS2304: Cannot find name 'toast'.
components/parent/ParentProfileScreen.tsx(76,7): error TS2304: Cannot find name 'toast'.
components/parent/ParentProfileScreen.tsx(109,24): error TS2339: Property 'schoolId' does not exist on type 'UserProfile'.
components/parent/ParentProfileScreen.tsx(111,32): error TS2339: Property 'schoolId' does not exist on type 'UserProfile'.
components/parent/PermissionSlipScreen.tsx(49,13): error TS2304: Cannot find name 'toast'.
components/parent/PTAMeetingScreen.tsx(3,10): error TS2724: '"../../types"' has no exported member named 'PtaMeeting'. Did you mean 'PTAMeeting'?
components/parent/VolunteeringScreen.tsx(56,13): error TS2304: Cannot find name 'toast'.
components/proprietor/AcademicStandards.tsx(10,58): error TS2307: Cannot find module '../../ui/card' or its corresponding type declarations.
components/proprietor/ComplianceTracker.tsx(12,58): error TS2307: Cannot find module '../../ui/card' or its corresponding type declarations.
components/proprietor/FinancialOverview.tsx(13,58): error TS2307: Cannot find module '../../ui/card' or its corresponding type declarations.
components/proprietor/STEMLabManager.tsx(11,58): error TS2307: Cannot find module '../../ui/card' or its corresponding type declarations.
components/rewards/Leaderboard.tsx(4,32): error TS2305: Module '"../../constants"' has no exported member 'FireIcon'.
components/rewards/RewardsSystem.tsx(6,36): error TS2305: Module '"../../constants"' has no exported member 'FireIcon'.
components/rewards/RewardsSystem.tsx(139,105): error TS2551: Property 'earned_at' does not exist on type 'StudentBadge'. Did you mean 'earnedAt'?
components/rewards/RewardsSystem.tsx(161,59): error TS2551: Property 'created_at' does not exist on type 'PointTransaction'. Did you mean 'createdAt'?
components/rewards/RewardsSystem.tsx(162,50): error TS2551: Property 'awarded_by_user' does not exist on type 'PointTransaction'. Did you mean 'awardedByUser'?
components/rewards/RewardsSystem.tsx(162,90): error TS2551: Property 'awarded_by_user' does not exist on type 'PointTransaction'. Did you mean 'awardedByUser'?
components/settings/NotificationSettings.tsx(64,13): error TS2304: Cannot find name 'toast'.
components/settings/NotificationSettings.tsx(67,13): error TS2304: Cannot find name 'toast'.
components/shared/CalendarScreen.tsx(249,68): error TS2339: Property 'category' does not exist on type 'CalendarEvent'.
components/shared/ChatHeader.tsx(20,44): error TS2551: Property 'participant' does not exist on type 'ChatRoom'. Did you mean 'participants'?
components/shared/ChatHeader.tsx(20,85): error TS2551: Property 'participant' does not exist on type 'ChatRoom'. Did you mean 'participants'?
components/shared/ChatHeader.tsx(22,82): error TS2551: Property 'participant' does not exist on type 'ChatRoom'. Did you mean 'participants'?
components/shared/IDCardGenerator.tsx(4,20): error TS2307: Cannot find module 'qrcode.react' or its corresponding type declarations.
components/shared/IDCardGenerator.tsx(6,28): error TS2307: Cannot find module '../../contexts/ProfileContext' or its corresponding type declarations.
components/shared/LiveSession.tsx(80,56): error TS2554: Expected 0 arguments, but got 1.
components/shared/LiveSession.tsx(83,46): error TS2304: Cannot find name 'Modality'.
components/shared/LiveSession.tsx(116,52): error TS2339: Property 'sendRealtimeInput' does not exist on type 'never'.
components/shared/LiveSession.tsx(131,48): error TS2304: Cannot find name 'LiveServerMessage'.
components/shared/MediaGenerator.tsx(54,64): error TS2554: Expected 0 arguments, but got 1.
components/shared/MediaGenerator.tsx(65,35): error TS2339: Property 'done' does not exist on type 'never'.
components/shared/MediaGenerator.tsx(67,21): error TS2322: Type 'any' is not assignable to type 'never'.
components/shared/MediaGenerator.tsx(67,42): error TS2339: Property 'operations' does not exist on type 'GeminiClient'.
components/shared/MediaGenerator.tsx(70,39): error TS2339: Property 'response' does not exist on type 'never'.
components/shared/MediaGenerator.tsx(93,64): error TS2554: Expected 0 arguments, but got 1.
components/shared/MediaGenerator.tsx(106,35): error TS2339: Property 'done' does not exist on type 'never'.
components/shared/MediaGenerator.tsx(108,21): error TS2322: Type 'any' is not assignable to type 'never'.
components/shared/MediaGenerator.tsx(108,42): error TS2339: Property 'operations' does not exist on type 'GeminiClient'.
components/shared/MediaGenerator.tsx(110,39): error TS2339: Property 'response' does not exist on type 'never'.
components/shared/NoticeboardScreen.tsx(77,24): error TS2304: Cannot find name 'fetchNotices'.
components/shared/TimetableScreen.tsx(134,55): error TS2367: This comparison appears to be unintentional because the types '"teacher"' and '"parent"' have no overlap.
components/student/AnonymousReporting.tsx(4,10): error TS2724: '"../../constants"' has no exported member named 'ShieldIcon'. Did you mean 'HelpIcon'?
components/student/cbt/StudentCBTListScreen.tsx(5,19): error TS2305: Module '"../../../types"' has no exported member 'CBTTest'.
components/student/cbt/StudentCBTPlayerScreen.tsx(3,10): error TS2305: Module '"../../../types"' has no exported member 'CBTTest'.
components/student/VideoLessonScreen.tsx(107,13): error TS2304: Cannot find name 'toast'.
components/teacher/CBTScoresScreen.tsx(3,10): error TS2305: Module '"../../types"' has no exported member 'CBTTest'.
components/teacher/CBTScoresScreen.tsx(28,27): error TS2322: Type '{ studentId: any; studentName: any; score: number; totalQuestions: any; percentage: number; submittedAt: any; status: string; }[]' is not assignable to type 'CBTResult[]'.
  Type '{ studentId: any; studentName: any; score: number; totalQuestions: any; percentage: number; submittedAt: any; status: string; }' is missing the following properties from type 'CBTResult': id, examId, totalScore, answers
components/teacher/CBTScoresScreen.tsx(89,104): error TS2339: Property 'studentName' does not exist on type 'CBTResult'.
components/teacher/CBTScoresScreen.tsx(93,109): error TS2339: Property 'totalQuestions' does not exist on type 'CBTResult'.
components/teacher/ClassGradebookScreen.tsx(15,5): error TS2300: Duplicate identifier 'grade'.
components/teacher/ClassGradebookScreen.tsx(16,5): error TS2300: Duplicate identifier 'remark'.
components/teacher/ClassGradebookScreen.tsx(17,5): error TS2300: Duplicate identifier 'grade'.
components/teacher/ClassGradebookScreen.tsx(18,5): error TS2300: Duplicate identifier 'remark'.
components/teacher/ClassGradebookScreen.tsx(144,33): error TS2345: Argument of type '{ studentId: number; studentName: string; avatarUrl: string; ca: string; exam: string; total: number; remark: string; status: "Draft" | "Published"; isDirty: false; }' is not assignable to parameter of type 'GradebookEntry'.
  Property 'grade' is missing in type '{ studentId: number; studentName: string; avatarUrl: string; ca: string; exam: string; total: number; remark: string; status: "Draft" | "Published"; isDirty: false; }' but required in type 'GradebookEntry'.
components/teacher/EditTeacherProfileScreen.tsx(96,13): error TS2304: Cannot find name 'toast'.
components/teacher/EditTeacherProfileScreen.tsx(103,13): error TS2304: Cannot find name 'toast'.
components/teacher/TeacherForum.tsx(5,10): error TS2724: '"../../constants"' has no exported member named 'MessageSquareIcon'. Did you mean 'MessagesIcon'?
components/teacher/TeacherReportsScreen.tsx(103,78): error TS2345: Argument of type 'ClassInfo' is not assignable to parameter of type 'SetStateAction<ClassInfo>'.
  Type 'import("C:/Users/USER/OneDrive/Desktop/Project/school-app-/hooks/useTeacherClasses").ClassInfo' is not assignable to type 'import("C:/Users/USER/OneDrive/Desktop/Project/school-app-/types").ClassInfo'.
    Property 'studentCount' is optional in type 'ClassInfo' but required in type 'ClassInfo'.
components/video/VirtualClassroom.tsx(5,10): error TS2724: '"../../constants"' has no exported member named 'VideoCameraIcon'. Did you mean 'CameraIcon'?
components/video/VirtualClassroom.tsx(139,37): error TS2561: Object literal may only specify known properties, but 'scheduled_start' does not exist in type 'Partial<VirtualClass>'. Did you mean to write 'scheduledStart'?
context/ProfileContext.tsx(304,79): error TS2322: Type '(userId?: number | string, email?: string) => Promise<UserProfile>' is not assignable to type '(userId?: string | number, email?: string) => Promise<void>'.
  Type 'Promise<UserProfile>' is not assignable to type 'Promise<void>'.
    Type 'UserProfile' is not assignable to type 'void'.
data.ts(18,5): error TS2305: Module '"./types"' has no exported member 'BusRoute'.
data.ts(19,5): error TS2305: Module '"./types"' has no exported member 'BusRosterEntry'.
data.ts(42,5): error TS2305: Module '"./types"' has no exported member 'CBTTest'.
lib/broadcasts.ts(3,10): error TS2305: Module '"../types"' has no exported member 'EmergencyBroadcast'.
lib/firebase.ts(2,40): error TS2307: Cannot find module 'firebase/app' or its corresponding type declarations.
lib/firebase.ts(3,64): error TS2307: Cannot find module 'firebase/messaging' or its corresponding type declarations.
lib/hooks/useFees.ts(89,40): error TS2339: Property 'totalFee' does not exist on type 'Partial<Fee>'.
lib/hooks/useFees.ts(118,40): error TS2339: Property 'totalFee' does not exist on type 'Partial<Fee>'.
lib/hooks/useFees.ts(173,5): error TS2353: Object literal may only specify known properties, and 'totalFee' does not exist in type 'Fee'.
lib/payslipGenerator.ts(2,32): error TS2305: Module '"./payroll"' has no exported member 'calculateTax'.
lib/payslipGenerator.ts(54,74): error TS2554: Expected 2 arguments, but got 3.
lib/payslipGenerator.ts(56,42): error TS2345: Argument of type '{ gross: number; allowances: number; bonuses: number; }' is not assignable to parameter of type 'number'.
lib/payslipGenerator.ts(58,64): error TS2554: Expected 2 arguments, but got 4.
lib/payslipGenerator.ts(76,13): error TS2322: Type '{ gross: number; allowances: number; bonuses: number; }' is not assignable to type 'number'.
lib/push-notifications.ts(6,37): error TS2307: Cannot find module 'firebase/messaging' or its corresponding type declarations.
lib/push-notifications.ts(130,9): error TS2353: Object literal may only specify known properties, and 'vibrate' does not exist in type 'NotificationOptions'.
scripts/sync_users_to_auth.ts(84,62): error TS2339: Property 'email' does not exist on type 'never'.
scripts/test_ai_backend.ts(37,18): error TS2339: Property 'answer' does not exist on type 'unknown'.
scripts/test_ai_backend.ts(37,33): error TS2339: Property 'tokens_estimate' does not exist on type 'unknown'.
